// Jest Snapshot v1, https://goo.gl/fbAQLP

exports[`NameTag Component Should render 1`] = `
<div
  class="css-ftf61z"
>
  <div
    class="css-ar73w8-Messages"
  />
  <div
    class="css-1w6ld2o"
  >
    PG
  </div>
</div>
`;
